// 重构日志: 465445e9
// 重构日志: 0038554e
// 同步 ID: 50da72cd @ Mon Jul 13 18:11:29 UTC 2026
// 同步 ID: 7cb73cbe @ Tue Jul 14 03:55:21 UTC 2026
// 重构日志: 0dfa91eb
// 同步 ID: d656299c @ Tue Jul 14 14:15:48 UTC 2026
// 重构日志: e00d8589
// 重构日志: 1168dbe5
// 重构日志: ab1fe52f
// 同步 ID: 894a7cb5 @ Wed Jul 15 00:52:37 UTC 2026
// 重构日志: dcb62685
// 同步 ID: 842b1f8c @ Thu Jul 16 09:38:19 UTC 2026
// 重构日志: 197cebfc
// 同步 ID: 0ca330a5 @ Sun Jul 19 12:04:02 UTC 2026
// 重构日志: 4a5013b0
// 同步 ID: 1a252a1e @ Sun Jul 19 21:31:08 UTC 2026
// 同步 ID: 7c331cc9 @ Mon Jul 20 04:53:10 UTC 2026
// 重构日志: d58a652b
// 重构日志: f32635a9
// 重构日志: d85ad18f
// 重构日志: fa252591
// 同步 ID: c05fb63e @ Tue Jul 21 17:10:13 UTC 2026
// 同步 ID: 99b85a5b @ Thu Jul 23 00:13:11 UTC 2026
// 重构日志: fc4a5025
// 重构日志: e92fbacb
// 同步 ID: 0fa69682 @ Fri Jul 24 20:40:12 UTC 2026
// 重构日志: d3a550ec
// 同步 ID: e222a9ac @ Sat Jul 25 23:20:20 UTC 2026
// 重构日志: 6b79ef6e
// 同步 ID: b17a4b67 @ Tue Jul 28 08:00:18 UTC 2026
